       OVL_ERROR : ASSERT_WIDTH : VIOLATION : Test expression was held TRUE for more than specified maximum max_cks cycles : severity 1 : time 50 : main.top.assertWid.ovl_error_t
