reading[0] = 50
reading[7] = 000057
reading[4] = 54
reading[0] = ff
reading[1] = fe
reading[2] = fd
reading[3] = fc
reading[8] = f8
reading[9] = f7
reading[10] = f6
reading[0] = ff
reading[1] = fe
reading[2] = fd
reading[3] = fc
reading[8] = f8
reading[9] = f7
reading[10] = f6
dut2[0] = ffeeddcc
dut3[0] = ffeedd
dut4[0] = ffee
dut5[0] = ff
dut2[1] = bbaa9988
dut3[1] = ccbbaa
dut4[1] = ddcc
dut5[1] = ee
dut2[31] = 112233fc
dut2[32] = 5566f988
dut2[33] = 0000f5f4
dut2[34] = 00f20000
dut2[35] = 00ee00ec
dut2[36] = 00eae900
dut2[37] = 00e6e5e4
dut2[38] = e3000000
dut2[39] = df0000dc
dut2[40] = db00d900
dut2[41] = d700d5d4
dut2[42] = d3d20000
dut2[43] = cfce00cc
dut2[44] = cbcac900
dut2[45] = c7c6c5c4
dut3[31] = 0000fd
dut3[32] = 00fa00
dut3[33] = 00f6f5
dut3[34] = f30000
dut3[35] = ef00ed
dut3[36] = ebea00
dut3[37] = e7e6e5
dut4[31] = 00fe
dut4[32] = fb00
dut4[33] = f7f6
dut5[31] = ff
