checking package dependencies
compiling TopMethodNameTopModule1.bsv
code generation for sysTopMethodNameTopModule1 starts
Verilog file created: sysTopMethodNameTopModule1.v
All packages are up to date.
