b is False
arr[1]: 4
Array is equal
arr2[2]: 7
arr2 is not equal
b is True
arr[1]: 1
Array is equal
arr2[2]: 7
arr2 is not equal
