## Automatically generated by bluetcl -exec makedepend -- Do NOT EDIT
## Command: bluetcl -exec makedepend -no-show-timestamps -o minusO.depend-out Dep1.bsv

Dep1.bo:	Dep1.bsv Test.bo Foo.bo IncDep2.bsv IncDep1.bsv
Foo.bo:	Foo.bsv
Test.bo:	Test.bsv
