Counter = 00000000, PopCountTree =  0
Counter = 00000001, PopCountTree =  1
Counter = 00000010, PopCountTree =  1
Counter = 00000011, PopCountTree =  2
Counter = 00000100, PopCountTree =  1
Counter = 00000101, PopCountTree =  2
Counter = 00000110, PopCountTree =  2
Counter = 00000111, PopCountTree =  3
Counter = 00001000, PopCountTree =  1
Counter = 00001001, PopCountTree =  2
Counter = 00001010, PopCountTree =  2
Counter = 00001011, PopCountTree =  3
Counter = 00001100, PopCountTree =  2
Counter = 00001101, PopCountTree =  3
Counter = 00001110, PopCountTree =  3
Counter = 00001111, PopCountTree =  4
Counter = 00010000, PopCountTree =  1
Counter = 00010001, PopCountTree =  2
Counter = 00010010, PopCountTree =  2
Counter = 00010011, PopCountTree =  3
Counter = 00010100, PopCountTree =  2
Counter = 00010101, PopCountTree =  3
Counter = 00010110, PopCountTree =  3
Counter = 00010111, PopCountTree =  4
Counter = 00011000, PopCountTree =  2
Counter = 00011001, PopCountTree =  3
Counter = 00011010, PopCountTree =  3
Counter = 00011011, PopCountTree =  4
Counter = 00011100, PopCountTree =  3
Counter = 00011101, PopCountTree =  4
Counter = 00011110, PopCountTree =  4
Counter = 00011111, PopCountTree =  5
Counter = 00100000, PopCountTree =  1
Counter = 00100001, PopCountTree =  2
Counter = 00100010, PopCountTree =  2
Counter = 00100011, PopCountTree =  3
Counter = 00100100, PopCountTree =  2
Counter = 00100101, PopCountTree =  3
Counter = 00100110, PopCountTree =  3
Counter = 00100111, PopCountTree =  4
Counter = 00101000, PopCountTree =  2
Counter = 00101001, PopCountTree =  3
Counter = 00101010, PopCountTree =  3
Counter = 00101011, PopCountTree =  4
Counter = 00101100, PopCountTree =  3
Counter = 00101101, PopCountTree =  4
Counter = 00101110, PopCountTree =  4
Counter = 00101111, PopCountTree =  5
Counter = 00110000, PopCountTree =  2
Counter = 00110001, PopCountTree =  3
Counter = 00110010, PopCountTree =  3
Counter = 00110011, PopCountTree =  4
Counter = 00110100, PopCountTree =  3
Counter = 00110101, PopCountTree =  4
Counter = 00110110, PopCountTree =  4
Counter = 00110111, PopCountTree =  5
Counter = 00111000, PopCountTree =  3
Counter = 00111001, PopCountTree =  4
Counter = 00111010, PopCountTree =  4
Counter = 00111011, PopCountTree =  5
Counter = 00111100, PopCountTree =  4
Counter = 00111101, PopCountTree =  5
Counter = 00111110, PopCountTree =  5
Counter = 00111111, PopCountTree =  6
Counter = 01000000, PopCountTree =  1
Counter = 01000001, PopCountTree =  2
Counter = 01000010, PopCountTree =  2
Counter = 01000011, PopCountTree =  3
Counter = 01000100, PopCountTree =  2
Counter = 01000101, PopCountTree =  3
Counter = 01000110, PopCountTree =  3
Counter = 01000111, PopCountTree =  4
Counter = 01001000, PopCountTree =  2
Counter = 01001001, PopCountTree =  3
Counter = 01001010, PopCountTree =  3
Counter = 01001011, PopCountTree =  4
Counter = 01001100, PopCountTree =  3
Counter = 01001101, PopCountTree =  4
Counter = 01001110, PopCountTree =  4
Counter = 01001111, PopCountTree =  5
Counter = 01010000, PopCountTree =  2
Counter = 01010001, PopCountTree =  3
Counter = 01010010, PopCountTree =  3
Counter = 01010011, PopCountTree =  4
Counter = 01010100, PopCountTree =  3
Counter = 01010101, PopCountTree =  4
Counter = 01010110, PopCountTree =  4
Counter = 01010111, PopCountTree =  5
Counter = 01011000, PopCountTree =  3
Counter = 01011001, PopCountTree =  4
Counter = 01011010, PopCountTree =  4
Counter = 01011011, PopCountTree =  5
Counter = 01011100, PopCountTree =  4
Counter = 01011101, PopCountTree =  5
Counter = 01011110, PopCountTree =  5
Counter = 01011111, PopCountTree =  6
Counter = 01100000, PopCountTree =  2
Counter = 01100001, PopCountTree =  3
Counter = 01100010, PopCountTree =  3
Counter = 01100011, PopCountTree =  4
Counter = 01100100, PopCountTree =  3
Counter = 01100101, PopCountTree =  4
Counter = 01100110, PopCountTree =  4
Counter = 01100111, PopCountTree =  5
Counter = 01101000, PopCountTree =  3
Counter = 01101001, PopCountTree =  4
Counter = 01101010, PopCountTree =  4
Counter = 01101011, PopCountTree =  5
Counter = 01101100, PopCountTree =  4
Counter = 01101101, PopCountTree =  5
Counter = 01101110, PopCountTree =  5
Counter = 01101111, PopCountTree =  6
Counter = 01110000, PopCountTree =  3
Counter = 01110001, PopCountTree =  4
Counter = 01110010, PopCountTree =  4
Counter = 01110011, PopCountTree =  5
Counter = 01110100, PopCountTree =  4
Counter = 01110101, PopCountTree =  5
Counter = 01110110, PopCountTree =  5
Counter = 01110111, PopCountTree =  6
Counter = 01111000, PopCountTree =  4
Counter = 01111001, PopCountTree =  5
Counter = 01111010, PopCountTree =  5
Counter = 01111011, PopCountTree =  6
Counter = 01111100, PopCountTree =  5
Counter = 01111101, PopCountTree =  6
Counter = 01111110, PopCountTree =  6
Counter = 01111111, PopCountTree =  7
Counter = 10000000, PopCountTree =  1
Counter = 10000001, PopCountTree =  2
Counter = 10000010, PopCountTree =  2
Counter = 10000011, PopCountTree =  3
Counter = 10000100, PopCountTree =  2
Counter = 10000101, PopCountTree =  3
Counter = 10000110, PopCountTree =  3
Counter = 10000111, PopCountTree =  4
Counter = 10001000, PopCountTree =  2
Counter = 10001001, PopCountTree =  3
Counter = 10001010, PopCountTree =  3
Counter = 10001011, PopCountTree =  4
Counter = 10001100, PopCountTree =  3
Counter = 10001101, PopCountTree =  4
Counter = 10001110, PopCountTree =  4
Counter = 10001111, PopCountTree =  5
Counter = 10010000, PopCountTree =  2
Counter = 10010001, PopCountTree =  3
Counter = 10010010, PopCountTree =  3
Counter = 10010011, PopCountTree =  4
Counter = 10010100, PopCountTree =  3
Counter = 10010101, PopCountTree =  4
Counter = 10010110, PopCountTree =  4
Counter = 10010111, PopCountTree =  5
Counter = 10011000, PopCountTree =  3
Counter = 10011001, PopCountTree =  4
Counter = 10011010, PopCountTree =  4
Counter = 10011011, PopCountTree =  5
Counter = 10011100, PopCountTree =  4
Counter = 10011101, PopCountTree =  5
Counter = 10011110, PopCountTree =  5
Counter = 10011111, PopCountTree =  6
Counter = 10100000, PopCountTree =  2
Counter = 10100001, PopCountTree =  3
Counter = 10100010, PopCountTree =  3
Counter = 10100011, PopCountTree =  4
Counter = 10100100, PopCountTree =  3
Counter = 10100101, PopCountTree =  4
Counter = 10100110, PopCountTree =  4
Counter = 10100111, PopCountTree =  5
Counter = 10101000, PopCountTree =  3
Counter = 10101001, PopCountTree =  4
Counter = 10101010, PopCountTree =  4
Counter = 10101011, PopCountTree =  5
Counter = 10101100, PopCountTree =  4
Counter = 10101101, PopCountTree =  5
Counter = 10101110, PopCountTree =  5
Counter = 10101111, PopCountTree =  6
Counter = 10110000, PopCountTree =  3
Counter = 10110001, PopCountTree =  4
Counter = 10110010, PopCountTree =  4
Counter = 10110011, PopCountTree =  5
Counter = 10110100, PopCountTree =  4
Counter = 10110101, PopCountTree =  5
Counter = 10110110, PopCountTree =  5
Counter = 10110111, PopCountTree =  6
Counter = 10111000, PopCountTree =  4
Counter = 10111001, PopCountTree =  5
Counter = 10111010, PopCountTree =  5
Counter = 10111011, PopCountTree =  6
Counter = 10111100, PopCountTree =  5
Counter = 10111101, PopCountTree =  6
Counter = 10111110, PopCountTree =  6
Counter = 10111111, PopCountTree =  7
Counter = 11000000, PopCountTree =  2
Counter = 11000001, PopCountTree =  3
Counter = 11000010, PopCountTree =  3
Counter = 11000011, PopCountTree =  4
Counter = 11000100, PopCountTree =  3
Counter = 11000101, PopCountTree =  4
Counter = 11000110, PopCountTree =  4
Counter = 11000111, PopCountTree =  5
Counter = 11001000, PopCountTree =  3
Counter = 11001001, PopCountTree =  4
Counter = 11001010, PopCountTree =  4
Counter = 11001011, PopCountTree =  5
Counter = 11001100, PopCountTree =  4
Counter = 11001101, PopCountTree =  5
Counter = 11001110, PopCountTree =  5
Counter = 11001111, PopCountTree =  6
Counter = 11010000, PopCountTree =  3
Counter = 11010001, PopCountTree =  4
Counter = 11010010, PopCountTree =  4
Counter = 11010011, PopCountTree =  5
Counter = 11010100, PopCountTree =  4
Counter = 11010101, PopCountTree =  5
Counter = 11010110, PopCountTree =  5
Counter = 11010111, PopCountTree =  6
Counter = 11011000, PopCountTree =  4
Counter = 11011001, PopCountTree =  5
Counter = 11011010, PopCountTree =  5
Counter = 11011011, PopCountTree =  6
Counter = 11011100, PopCountTree =  5
Counter = 11011101, PopCountTree =  6
Counter = 11011110, PopCountTree =  6
Counter = 11011111, PopCountTree =  7
Counter = 11100000, PopCountTree =  3
Counter = 11100001, PopCountTree =  4
Counter = 11100010, PopCountTree =  4
Counter = 11100011, PopCountTree =  5
Counter = 11100100, PopCountTree =  4
Counter = 11100101, PopCountTree =  5
Counter = 11100110, PopCountTree =  5
Counter = 11100111, PopCountTree =  6
Counter = 11101000, PopCountTree =  4
Counter = 11101001, PopCountTree =  5
Counter = 11101010, PopCountTree =  5
Counter = 11101011, PopCountTree =  6
Counter = 11101100, PopCountTree =  5
Counter = 11101101, PopCountTree =  6
Counter = 11101110, PopCountTree =  6
Counter = 11101111, PopCountTree =  7
Counter = 11110000, PopCountTree =  4
Counter = 11110001, PopCountTree =  5
Counter = 11110010, PopCountTree =  5
Counter = 11110011, PopCountTree =  6
Counter = 11110100, PopCountTree =  5
Counter = 11110101, PopCountTree =  6
Counter = 11110110, PopCountTree =  6
Counter = 11110111, PopCountTree =  7
Counter = 11111000, PopCountTree =  5
Counter = 11111001, PopCountTree =  6
Counter = 11111010, PopCountTree =  6
Counter = 11111011, PopCountTree =  7
Counter = 11111100, PopCountTree =  6
Counter = 11111101, PopCountTree =  7
Counter = 11111110, PopCountTree =  7
Simulation Passes
