 `line(HERE///MultilineUndef.bsv,2,1,0)


 `line(HERE///MultilineUndef.bsv,7,12,0)
Bool x = True;
 `line(HERE///MultilineUndef.bsv,9,7,0)



