                  10:     0
                  20:     1
                  30:     2
                  40:     3
                  50:     4
                  60:     5
                  70:     6
                  80:     7
                  90:     8
                 100:     9
                 110:    10
                 120:    11
                 130:    12
                 140:    13
                 150:    14
                 160:    15
                 170:    16
                 180:    17
                 190:    18
                 200:    19
                 210:    20
                 220:    21
                 230:    22
                 240:    23
                 250:    24
                 260:    25
                 270:    26
                 280:    27
                 290:    28
                 300:    29
                 310:    30
                 320:    31
                 330:    32
                 340:    33
                 350:    34
                 360:    35
                 370:    36
                 380:    37
                 390:    38
                 400:    39
                 410:    40
                 420:    41
                 430:    42
                 440:    43
                 450:    44
                 460:    45
                 470:    46
                 480:    47
                 490:    48
                 500:    49
                 510:    50
                 520:    51
                 530:    52
                 540:    53
                 550:    54
                 560:    55
                 570:    56
                 580:    57
                 590:    58
                 600:    59
                 610:    60
                 620:    61
                 630:    62
                 640:    63
                 650:    64
                 660:    65
                 670:    66
                 680:    67
                 690:    68
                 700:    69
                 710:    70
                 720:    71
                 730:    72
                 740:    73
                 750:    74
                 760:    75
                 770:    76
                 780:    77
                 790:    78
                 800:    79
                 810:    80
                 820:    81
823
                 830:    82
830
