37777777761
37777777762
37777777763
37777777764
37777777765
37777777766
37777777767
37777777770
37777777771
37777777772
37777777773
37777777774
37777777775
37777777776
37777777777
00000000000
00000000001
00000000002
00000000003
00000000004
00000000005
00000000006
00000000007
00000000010
00000000011
00000000012
00000000013
00000000014
00000000015
00000000016
00000000017
00000000020
00000000021
00000000022
00000000023
