Original List
         1
         2
         3
         4
         5
Rotated List
         2
         3
         4
         5
         1
Simulation Passes
