count = 0000
count = 0001
count = 0002
count = 0003
count = 0004
count = 0005
count = 0006
count = 0007
count = 0008
count = 0009
count = 000a
count = 000b
