OK: main.top.fastToSlow2 send and receive counts are Equal  4951 vs  4951
OK: main.top.fastToSlow1 send and receive counts are Equal 11902 vs 11902
OK: main.top.slowToFast1 send and receive counts are Equal 12518 vs 12518
OK: main.top.slowToFast2 send and receive counts are Equal 16633 vs 16633
