Converting 3.141592653589793  = 3.1250000000
00011.00100
Converting 1.0  = 1.0000000000
00001.00000
Converting 100.0  = 15.9687500000
01111.11111
Converting 1.0e-4  = 0.0000000000
00000.00000
Converting 7.8125e-3  = 0.0000000000
00000.00000
Converting -1.0  = -1.0000000000
11111.00000
Converting -4.0  = -4.0000000000
11100.00000
Converting 3.9999999999999997e23  = 15.9687500000
01111.11111
Converting -3.9999999999999997e23  = -16.0000000000
10000.00000
Converting 0.3333333333333333  = 0.3125000000
00000.01010
Converting -0.3333333333333333  = -0.3437500000
11111.10101
Converting 32.0  = 15.9687500000
01111.11111
Converting -32.0  = -16.0000000000
10000.00000
Converting 3.125e-2  = 0.0312500000
00000.00001
Converting -3.125e-2  = -0.0312500000
11111.11111
Converting 3.125e-2  = 0.0312500000
00000.00001
Converting -6.25e-2  = -0.0625000000
11111.11110
Converting -6.25e-2  = -0.0625000000
11111.11110
Converting 5.43230922487e-312  = 0.0000000000
00000.00000
Converting -2.716154612436e-312  = 0.0000000000
00000.00000
Converting -4.5569512622227484e-305  = 0.0000000000
00000.00000
Converting -5.43230922487e-312  = 0.0000000000
00000.00000
